[_logdate_]:2019-01-01 00:00:00 & [serveraccountid]:123456 & [name]:陆昔昔
[_logdate_]:2019-01-01 00:00:00 & [serveraccountid]:123456 & [name]:陆智智
[_logdate_]:2019-01-01 00:00:00 & [serveraccountid]:123456 & [name]:陆聪聪

